---
source: src/path_convertor.rs
expression: translate_result
---
Err: "Duplicate table name: ~/books/things"
