---
source: src/lib.rs
expression: report
---
database_names:
  /dev/null: main
translated_query:
  Ok:
    - - CREATE TABLE IF NOT EXISTS main.table_contents (
      - "  \"excluded\" BOOLEAN NOT NULL DEFAULT false,"
      - "  \"externalLink\" TEXT NOT NULL,"
      - "  \"externalLinkTitle\" TEXT NOT NULL,"
      - "  \"id\" TEXT PRIMARY KEY NOT NULL,"
      - "  \"imageUrl\" TEXT NOT NULL,"
      - "  \"subtitle\" TEXT NULL,"
      - "  \"title\" TEXT NOT NULL"
      - )
original_query:
  - "CREATE TABLE IF NOT EXISTS \"/dev/null\" ("
  - "    \"excluded\" BOOLEAN NOT NULL DEFAULT FALSE,"
  - "    \"externalLink\" TEXT NOT NULL,"
  - "    \"externalLinkTitle\" TEXT NOT NULL,"
  - "    \"id\" TEXT PRIMARY KEY NOT NULL,"
  - "    \"imageUrl\" TEXT NOT NULL,"
  - "    \"subtitle\" TEXT NULL,"
  - "    \"title\" TEXT NOT NULL"
  - )
