---
source: src/tql_validator.rs
expression: result
---
Err: "Unsupported function: badfunc"
