---
source: src/path_convertor.rs
expression: translate_result
---
Err: "not implemented: Statement::Close"
