---
source: src/object_name_replacer.rs
expression: translate_result
---
Err: "Unexpected index name: scoreIndex"
