---
source: src/reference_extractor.rs
expression: translate_result
---
Ok:
  indices: []
  relations:
    - - value: ~/heyy
        quote_style: "\""
    - - value: ~/okokok
        quote_style: "\""
  original_sql:
    - "drop table \"~/heyy\", \"~/okokok\""
