---
source: src/treeqlite.rs
expression: report
---
dumps_by_path:
  Err: "Expected 1 identifiers for the index name, got: [\"a\", \"b\"]"
original_query:
  - "CREATE INDEX a.b ON \"~/books/eloScores\" (score)"
