---
source: src/object_name_replacer.rs
expression: translate_result
---
Err: "Expected 1 identifiers for the index name, got: [\"a\", \"b\"]"
