---
source: src/path_convertor.rs
expression: translate_result
---
Err: "Unknown table reference: ~/books/things"
