---
source: src/treeqlite.rs
expression: report
---
dumps_by_path: {}
rows_changed_or_error:
  Err: "not implemented: Statement::Close"
original_query:
  - close my_eyes;
params: "null"
