---
source: src/reference_extractor.rs
expression: translate_result
---
Ok:
  indices: []
  relations:
    - - value: sasas
        quote_style: "\""
  original_sql:
    - ""
    - "            CREATE TABLE IF NOT EXISTS \"sasas\" ("
    - "                \"excluded\" BOOLEAN NOT NULL DEFAULT FALSE,"
    - "                \"externalLink\" TEXT NOT NULL,"
    - "                \"externalLinkTitle\" TEXT NOT NULL,"
    - "                \"id\" TEXT PRIMARY KEY NOT NULL,"
    - "                \"imageUrl\" TEXT NOT NULL,"
    - "                \"subtitle\" TEXT NULL,"
    - "                \"title\" TEXT NOT NULL"
    - "            )"
    - "        "
