---
source: src/object_name_replacer.rs
expression: translate_result
---
Err: "sql parser error: Unterminated string literal at Line: 3, Column 62"
